2025-10-22 18:51:02 - INFO - 📝 所有日志将保存到: finetune_training2.log
2025-10-22 18:51:03 - INFO - 📂 读取 CSV 文件: /xcfhome/zncao02/dataset_bap/PDBBind/pdbbind_train.csv
2025-10-22 18:51:03 - INFO -    - CSV 中总样本数: 18652
2025-10-22 18:51:03 - INFO - 
🔄 鲁棒微调模式: 自动分割数据集 (90% 训练 / 10% 验证)
2025-10-22 18:51:03 - INFO -    - 训练集 CSV 样本数: 16786
2025-10-22 18:51:03 - INFO -    - 验证集 CSV 样本数: 1866
2025-10-22 18:51:03 - INFO - 
🔍 检查训练集 DGL 文件...
2025-10-22 18:51:20 - INFO - ✅ 数据集加载完成:
2025-10-22 18:51:20 - INFO -    - 总样本数: 16786
2025-10-22 18:51:20 - INFO -    - 成功加载: 16786
2025-10-22 18:51:20 - INFO -    - 跳过样本: 0
2025-10-22 18:51:20 - INFO - 
🔍 检查验证集 DGL 文件...
2025-10-22 18:51:21 - INFO - ✅ 数据集加载完成:
2025-10-22 18:51:21 - INFO -    - 总样本数: 1866
2025-10-22 18:51:21 - INFO -    - 成功加载: 1866
2025-10-22 18:51:21 - INFO -    - 跳过样本: 0
2025-10-22 18:51:21 - INFO - 
✅ 最终数据集统计:
2025-10-22 18:51:21 - INFO -    - 训练集有效样本: 16786
2025-10-22 18:51:21 - INFO -    - 验证集有效样本: 1866
2025-10-22 18:51:22 - INFO - 
📥 加载预训练模型: /xcfhome/zncao02/BioMPNN_affinity/ckpt/best_model.pt
2025-10-22 18:51:23 - INFO - ✅ 预训练模型加载成功!
2025-10-22 18:51:25 - INFO - 
🚀 开始鲁棒微调训练...
2025-10-22 18:51:25 - INFO -    - 学习率: 1e-05 (预训练的 1/10)
2025-10-22 18:51:25 - INFO -    - 权重衰减: 0.0001 (预训练的 100 倍)
2025-10-22 18:51:25 - INFO -    - 梯度裁剪: 1.0
2025-10-22 18:51:25 - INFO -    - 批次大小: 64
2025-10-22 18:51:25 - INFO -    - 最大轮数: 100
2025-10-22 18:51:25 - INFO -    - 早停耐心值: 15
2025-10-22 18:52:57 - INFO - Epoch 0: train_loss=1.4250, train_rmse=1.1937, valid_rmse=1.3535, valid_pr=0.6674, gap=0.1597
2025-10-22 18:52:57 - INFO - 💾 保存最佳微调模型 (valid_rmse=1.3535)
2025-10-22 18:54:16 - INFO - Epoch 1: train_loss=1.2747, train_rmse=1.1290, valid_rmse=1.3198, valid_pr=0.6882, gap=0.1908
2025-10-22 18:54:16 - INFO - 💾 保存最佳微调模型 (valid_rmse=1.3198)
2025-10-22 18:55:41 - INFO - Epoch 2: train_loss=1.2053, train_rmse=1.0978, valid_rmse=1.3015, valid_pr=0.6985, gap=0.2037
2025-10-22 18:55:41 - INFO - 💾 保存最佳微调模型 (valid_rmse=1.3015)
2025-10-22 18:57:00 - INFO - Epoch 3: train_loss=1.1594, train_rmse=1.0768, valid_rmse=1.2835, valid_pr=0.7091, gap=0.2068
2025-10-22 18:57:00 - INFO - 💾 保存最佳微调模型 (valid_rmse=1.2835)
2025-10-22 18:58:25 - INFO - Epoch 4: train_loss=1.1178, train_rmse=1.0573, valid_rmse=1.2705, valid_pr=0.7150, gap=0.2133
2025-10-22 18:58:25 - INFO - 💾 保存最佳微调模型 (valid_rmse=1.2705)
2025-10-22 18:59:49 - INFO - Epoch 5: train_loss=1.0897, train_rmse=1.0439, valid_rmse=1.2593, valid_pr=0.7215, gap=0.2154
2025-10-22 18:59:49 - INFO - 💾 保存最佳微调模型 (valid_rmse=1.2593)
2025-10-22 19:01:08 - INFO - Epoch 6: train_loss=1.0554, train_rmse=1.0273, valid_rmse=1.2527, valid_pr=0.7261, gap=0.2254
2025-10-22 19:01:08 - INFO - 💾 保存最佳微调模型 (valid_rmse=1.2527)
2025-10-22 19:02:32 - INFO - Epoch 7: train_loss=1.0288, train_rmse=1.0143, valid_rmse=1.2406, valid_pr=0.7310, gap=0.2263
2025-10-22 19:02:32 - INFO - 💾 保存最佳微调模型 (valid_rmse=1.2406)
2025-10-22 19:03:51 - INFO - Epoch 8: train_loss=1.0089, train_rmse=1.0045, valid_rmse=1.2352, valid_pr=0.7337, gap=0.2308
2025-10-22 19:03:51 - INFO - 💾 保存最佳微调模型 (valid_rmse=1.2352)
2025-10-22 19:05:16 - INFO - Epoch 9: train_loss=0.9847, train_rmse=0.9923, valid_rmse=1.2286, valid_pr=0.7370, gap=0.2363
2025-10-22 19:05:16 - INFO - 💾 保存最佳微调模型 (valid_rmse=1.2286)
2025-10-22 19:06:37 - INFO - Epoch 10: train_loss=0.9644, train_rmse=0.9820, valid_rmse=1.2275, valid_pr=0.7384, gap=0.2455
2025-10-22 19:06:37 - INFO - 💾 保存最佳微调模型 (valid_rmse=1.2275)
2025-10-22 19:08:01 - INFO - Epoch 11: train_loss=0.9413, train_rmse=0.9702, valid_rmse=1.2261, valid_pr=0.7414, gap=0.2559
2025-10-22 19:08:01 - INFO - 💾 保存最佳微调模型 (valid_rmse=1.2261)
2025-10-22 19:09:25 - INFO - Epoch 12: train_loss=0.9359, train_rmse=0.9674, valid_rmse=1.2167, valid_pr=0.7444, gap=0.2493
2025-10-22 19:09:25 - INFO - 💾 保存最佳微调模型 (valid_rmse=1.2167)
2025-10-22 19:10:44 - INFO - Epoch 13: train_loss=0.9132, train_rmse=0.9556, valid_rmse=1.2201, valid_pr=0.7430, gap=0.2645
2025-10-22 19:10:44 - INFO -    ⏳ 耐心计数器: 1/15
2025-10-22 19:12:08 - INFO - Epoch 14: train_loss=0.8941, train_rmse=0.9455, valid_rmse=1.2098, valid_pr=0.7483, gap=0.2643
2025-10-22 19:12:08 - INFO - 💾 保存最佳微调模型 (valid_rmse=1.2098)
2025-10-22 19:13:29 - INFO - Epoch 15: train_loss=0.8838, train_rmse=0.9401, valid_rmse=1.2132, valid_pr=0.7473, gap=0.2730
2025-10-22 19:13:29 - INFO -    ⏳ 耐心计数器: 1/15
2025-10-22 19:14:53 - INFO - Epoch 16: train_loss=0.8701, train_rmse=0.9328, valid_rmse=1.2068, valid_pr=0.7488, gap=0.2739
2025-10-22 19:14:53 - INFO - 💾 保存最佳微调模型 (valid_rmse=1.2068)
2025-10-22 19:16:09 - INFO - Epoch 17: train_loss=0.8555, train_rmse=0.9249, valid_rmse=1.2047, valid_pr=0.7510, gap=0.2798
2025-10-22 19:16:09 - INFO - 💾 保存最佳微调模型 (valid_rmse=1.2047)
2025-10-22 19:17:32 - INFO - Epoch 18: train_loss=0.8378, train_rmse=0.9153, valid_rmse=1.2053, valid_pr=0.7516, gap=0.2900
2025-10-22 19:17:32 - INFO -    ⏳ 耐心计数器: 1/15
2025-10-22 19:18:57 - INFO - Epoch 19: train_loss=0.8244, train_rmse=0.9080, valid_rmse=1.2052, valid_pr=0.7504, gap=0.2972
2025-10-22 19:18:57 - INFO -    ⏳ 耐心计数器: 2/15
2025-10-22 19:20:17 - INFO - Epoch 20: train_loss=0.8121, train_rmse=0.9012, valid_rmse=1.2059, valid_pr=0.7511, gap=0.3048
2025-10-22 19:20:17 - INFO -    ⏳ 耐心计数器: 3/15
2025-10-22 19:21:41 - INFO - Epoch 21: train_loss=0.8055, train_rmse=0.8975, valid_rmse=1.2001, valid_pr=0.7537, gap=0.3026
2025-10-22 19:21:41 - INFO - 💾 保存最佳微调模型 (valid_rmse=1.2001)
2025-10-22 19:23:01 - INFO - Epoch 22: train_loss=0.7931, train_rmse=0.8905, valid_rmse=1.1984, valid_pr=0.7545, gap=0.3079
2025-10-22 19:23:01 - INFO - 💾 保存最佳微调模型 (valid_rmse=1.1984)
2025-10-22 19:24:26 - INFO - Epoch 23: train_loss=0.7862, train_rmse=0.8867, valid_rmse=1.2005, valid_pr=0.7548, gap=0.3138
2025-10-22 19:24:26 - INFO -    ⏳ 耐心计数器: 1/15
2025-10-22 19:25:51 - INFO - Epoch 24: train_loss=0.7745, train_rmse=0.8801, valid_rmse=1.1966, valid_pr=0.7553, gap=0.3166
2025-10-22 19:25:51 - INFO - 💾 保存最佳微调模型 (valid_rmse=1.1966)
2025-10-22 19:27:11 - INFO - Epoch 25: train_loss=0.7646, train_rmse=0.8744, valid_rmse=1.1924, valid_pr=0.7572, gap=0.3180
2025-10-22 19:27:11 - INFO - 💾 保存最佳微调模型 (valid_rmse=1.1924)
2025-10-22 19:28:36 - INFO - Epoch 26: train_loss=0.7569, train_rmse=0.8700, valid_rmse=1.1969, valid_pr=0.7559, gap=0.3268
2025-10-22 19:28:36 - INFO -    ⏳ 耐心计数器: 1/15
2025-10-22 19:29:55 - INFO - Epoch 27: train_loss=0.7418, train_rmse=0.8613, valid_rmse=1.1983, valid_pr=0.7569, gap=0.3370
2025-10-22 19:29:55 - INFO -    ⏳ 耐心计数器: 2/15
2025-10-22 19:31:19 - INFO - Epoch 28: train_loss=0.7402, train_rmse=0.8604, valid_rmse=1.1953, valid_pr=0.7567, gap=0.3350
2025-10-22 19:31:19 - INFO -    ⏳ 耐心计数器: 3/15
2025-10-22 19:32:43 - INFO - Epoch 29: train_loss=0.7348, train_rmse=0.8572, valid_rmse=1.1935, valid_pr=0.7569, gap=0.3363
2025-10-22 19:32:43 - INFO -    ⏳ 耐心计数器: 4/15
2025-10-22 19:34:03 - INFO - Epoch 30: train_loss=0.7183, train_rmse=0.8476, valid_rmse=1.1969, valid_pr=0.7571, gap=0.3493
2025-10-22 19:34:03 - INFO -    ⏳ 耐心计数器: 5/15
2025-10-22 19:35:28 - INFO - Epoch 31: train_loss=0.7130, train_rmse=0.8444, valid_rmse=1.1918, valid_pr=0.7595, gap=0.3474
2025-10-22 19:35:28 - INFO - 💾 保存最佳微调模型 (valid_rmse=1.1918)
2025-10-22 19:36:46 - INFO - Epoch 32: train_loss=0.7040, train_rmse=0.8390, valid_rmse=1.1918, valid_pr=0.7582, gap=0.3528
2025-10-22 19:36:46 - INFO -    ⏳ 耐心计数器: 1/15
2025-10-22 19:38:11 - INFO - Epoch 33: train_loss=0.6993, train_rmse=0.8363, valid_rmse=1.1884, valid_pr=0.7589, gap=0.3522
2025-10-22 19:38:11 - INFO - 💾 保存最佳微调模型 (valid_rmse=1.1884)
2025-10-22 19:39:35 - INFO - Epoch 34: train_loss=0.6916, train_rmse=0.8316, valid_rmse=1.1980, valid_pr=0.7556, gap=0.3664
2025-10-22 19:39:35 - INFO -    ⏳ 耐心计数器: 1/15
2025-10-22 19:40:55 - INFO - Epoch 35: train_loss=0.6862, train_rmse=0.8284, valid_rmse=1.1962, valid_pr=0.7581, gap=0.3678
2025-10-22 19:40:55 - INFO -    ⏳ 耐心计数器: 2/15
2025-10-22 19:42:19 - INFO - Epoch 36: train_loss=0.6868, train_rmse=0.8287, valid_rmse=1.1970, valid_pr=0.7587, gap=0.3683
2025-10-22 19:42:19 - INFO -    ⏳ 耐心计数器: 3/15
2025-10-22 19:43:38 - INFO - Epoch 37: train_loss=0.6717, train_rmse=0.8196, valid_rmse=1.1876, valid_pr=0.7612, gap=0.3680
2025-10-22 19:43:38 - INFO - 💾 保存最佳微调模型 (valid_rmse=1.1876)
2025-10-22 19:45:03 - INFO - Epoch 38: train_loss=0.6671, train_rmse=0.8168, valid_rmse=1.1930, valid_pr=0.7598, gap=0.3762
2025-10-22 19:45:03 - INFO -    ⏳ 耐心计数器: 1/15
2025-10-22 19:46:28 - INFO - Epoch 39: train_loss=0.6592, train_rmse=0.8119, valid_rmse=1.1932, valid_pr=0.7588, gap=0.3812
2025-10-22 19:46:28 - INFO -    ⏳ 耐心计数器: 2/15
2025-10-22 19:47:43 - INFO - Epoch 40: train_loss=0.6547, train_rmse=0.8091, valid_rmse=1.1888, valid_pr=0.7594, gap=0.3797
2025-10-22 19:47:43 - INFO -    ⏳ 耐心计数器: 3/15
2025-10-22 19:49:07 - INFO - Epoch 41: train_loss=0.6435, train_rmse=0.8022, valid_rmse=1.1922, valid_pr=0.7596, gap=0.3900
2025-10-22 19:49:07 - INFO -    ⏳ 耐心计数器: 4/15
2025-10-22 19:50:27 - INFO - Epoch 42: train_loss=0.6398, train_rmse=0.7999, valid_rmse=1.1912, valid_pr=0.7600, gap=0.3913
2025-10-22 19:50:27 - INFO -    ⏳ 耐心计数器: 5/15
2025-10-22 19:51:53 - INFO - Epoch 43: train_loss=0.6373, train_rmse=0.7983, valid_rmse=1.1906, valid_pr=0.7591, gap=0.3923
2025-10-22 19:51:53 - INFO -    ⏳ 耐心计数器: 6/15
2025-10-22 19:53:17 - INFO - Epoch 44: train_loss=0.6293, train_rmse=0.7933, valid_rmse=1.2013, valid_pr=0.7592, gap=0.4080
2025-10-22 19:53:17 - INFO -    ⏳ 耐心计数器: 7/15
2025-10-22 19:54:37 - INFO - Epoch 45: train_loss=0.6211, train_rmse=0.7881, valid_rmse=1.1947, valid_pr=0.7595, gap=0.4066
2025-10-22 19:54:37 - INFO -    ⏳ 耐心计数器: 8/15
2025-10-22 19:56:02 - INFO - Epoch 46: train_loss=0.6281, train_rmse=0.7925, valid_rmse=1.1969, valid_pr=0.7584, gap=0.4044
2025-10-22 19:56:02 - INFO -    ⏳ 耐心计数器: 9/15
2025-10-22 19:57:22 - INFO - Epoch 47: train_loss=0.6141, train_rmse=0.7836, valid_rmse=1.1909, valid_pr=0.7608, gap=0.4072
2025-10-22 19:57:22 - INFO -    ⏳ 耐心计数器: 10/15
2025-10-22 19:58:47 - INFO - Epoch 48: train_loss=0.6100, train_rmse=0.7810, valid_rmse=1.1874, valid_pr=0.7628, gap=0.4064
2025-10-22 19:58:47 - INFO - 💾 保存最佳微调模型 (valid_rmse=1.1874)
2025-10-22 20:00:12 - INFO - Epoch 49: train_loss=0.6054, train_rmse=0.7781, valid_rmse=1.1911, valid_pr=0.7600, gap=0.4131
2025-10-22 20:00:12 - INFO -    ⏳ 耐心计数器: 1/15
2025-10-22 20:01:28 - INFO - Epoch 50: train_loss=0.6053, train_rmse=0.7780, valid_rmse=1.1968, valid_pr=0.7586, gap=0.4188
2025-10-22 20:01:28 - INFO -    ⏳ 耐心计数器: 2/15
2025-10-22 20:02:53 - INFO - Epoch 51: train_loss=0.6030, train_rmse=0.7765, valid_rmse=1.2015, valid_pr=0.7575, gap=0.4250
2025-10-22 20:02:53 - INFO -    ⏳ 耐心计数器: 3/15
2025-10-22 20:04:13 - INFO - Epoch 52: train_loss=0.5921, train_rmse=0.7695, valid_rmse=1.1905, valid_pr=0.7618, gap=0.4210
2025-10-22 20:04:13 - INFO -    ⏳ 耐心计数器: 4/15
2025-10-22 20:05:37 - INFO - Epoch 53: train_loss=0.5872, train_rmse=0.7663, valid_rmse=1.1872, valid_pr=0.7609, gap=0.4209
2025-10-22 20:05:37 - INFO - 💾 保存最佳微调模型 (valid_rmse=1.1872)
2025-10-22 20:07:02 - INFO - Epoch 54: train_loss=0.5891, train_rmse=0.7675, valid_rmse=1.1929, valid_pr=0.7611, gap=0.4254
2025-10-22 20:07:02 - INFO -    ⏳ 耐心计数器: 1/15
2025-10-22 20:08:19 - INFO - Epoch 55: train_loss=0.5800, train_rmse=0.7616, valid_rmse=1.1925, valid_pr=0.7615, gap=0.4309
2025-10-22 20:08:19 - INFO -    ⏳ 耐心计数器: 2/15
2025-10-22 20:09:44 - INFO - Epoch 56: train_loss=0.5810, train_rmse=0.7622, valid_rmse=1.1933, valid_pr=0.7625, gap=0.4311
2025-10-22 20:09:44 - INFO -    ⏳ 耐心计数器: 3/15
2025-10-22 20:11:09 - INFO - Epoch 57: train_loss=0.5747, train_rmse=0.7581, valid_rmse=1.1905, valid_pr=0.7616, gap=0.4324
2025-10-22 20:11:09 - INFO -    ⏳ 耐心计数器: 4/15
2025-10-22 20:12:29 - INFO - Epoch 58: train_loss=0.5655, train_rmse=0.7520, valid_rmse=1.1971, valid_pr=0.7592, gap=0.4451
2025-10-22 20:12:29 - INFO -    ⏳ 耐心计数器: 5/15
2025-10-22 20:13:55 - INFO - Epoch 59: train_loss=0.5672, train_rmse=0.7531, valid_rmse=1.1869, valid_pr=0.7630, gap=0.4338
2025-10-22 20:13:55 - INFO - 💾 保存最佳微调模型 (valid_rmse=1.1869)
2025-10-22 20:15:15 - INFO - Epoch 60: train_loss=0.5674, train_rmse=0.7533, valid_rmse=1.1964, valid_pr=0.7603, gap=0.4431
2025-10-22 20:15:15 - INFO -    ⏳ 耐心计数器: 1/15
2025-10-22 20:16:41 - INFO - Epoch 61: train_loss=0.5556, train_rmse=0.7454, valid_rmse=1.1951, valid_pr=0.7609, gap=0.4497
2025-10-22 20:16:41 - INFO -    ⏳ 耐心计数器: 2/15
2025-10-22 20:18:07 - INFO - Epoch 62: train_loss=0.5617, train_rmse=0.7494, valid_rmse=1.1940, valid_pr=0.7624, gap=0.4446
2025-10-22 20:18:07 - INFO -    ⏳ 耐心计数器: 3/15
2025-10-22 20:19:27 - INFO - Epoch 63: train_loss=0.5603, train_rmse=0.7485, valid_rmse=1.1861, valid_pr=0.7635, gap=0.4376
2025-10-22 20:19:27 - INFO - 💾 保存最佳微调模型 (valid_rmse=1.1861)
2025-10-22 20:20:52 - INFO - Epoch 64: train_loss=0.5513, train_rmse=0.7425, valid_rmse=1.1931, valid_pr=0.7605, gap=0.4506
2025-10-22 20:20:52 - INFO -    ⏳ 耐心计数器: 1/15
2025-10-22 20:22:12 - INFO - Epoch 65: train_loss=0.5539, train_rmse=0.7442, valid_rmse=1.1949, valid_pr=0.7612, gap=0.4507
2025-10-22 20:22:12 - INFO -    ⏳ 耐心计数器: 2/15
2025-10-22 20:23:37 - INFO - Epoch 66: train_loss=0.5477, train_rmse=0.7401, valid_rmse=1.1944, valid_pr=0.7613, gap=0.4543
2025-10-22 20:23:37 - INFO -    ⏳ 耐心计数器: 3/15
2025-10-22 20:25:02 - INFO - Epoch 67: train_loss=0.5339, train_rmse=0.7307, valid_rmse=1.1976, valid_pr=0.7612, gap=0.4669
2025-10-22 20:25:02 - INFO -    ⏳ 耐心计数器: 4/15
2025-10-22 20:26:09 - INFO - Epoch 68: train_loss=0.5429, train_rmse=0.7368, valid_rmse=1.1993, valid_pr=0.7598, gap=0.4625
2025-10-22 20:26:09 - INFO -    ⏳ 耐心计数器: 5/15
2025-10-22 20:27:22 - INFO - Epoch 69: train_loss=0.5359, train_rmse=0.7320, valid_rmse=1.2022, valid_pr=0.7594, gap=0.4702
2025-10-22 20:27:22 - INFO -    ⏳ 耐心计数器: 6/15
2025-10-22 20:28:49 - INFO - Epoch 70: train_loss=0.5243, train_rmse=0.7241, valid_rmse=1.2049, valid_pr=0.7585, gap=0.4808
2025-10-22 20:28:49 - INFO -    ⏳ 耐心计数器: 7/15
2025-10-22 20:30:11 - INFO - Epoch 71: train_loss=0.5325, train_rmse=0.7297, valid_rmse=1.2005, valid_pr=0.7584, gap=0.4708
2025-10-22 20:30:11 - INFO -    ⏳ 耐心计数器: 8/15
2025-10-22 20:31:33 - INFO - Epoch 72: train_loss=0.5285, train_rmse=0.7270, valid_rmse=1.1959, valid_pr=0.7615, gap=0.4689
2025-10-22 20:31:33 - INFO -    ⏳ 耐心计数器: 9/15
2025-10-22 20:32:58 - INFO - Epoch 73: train_loss=0.5285, train_rmse=0.7270, valid_rmse=1.1901, valid_pr=0.7612, gap=0.4631
2025-10-22 20:32:58 - INFO -    ⏳ 耐心计数器: 10/15
2025-10-22 20:34:16 - INFO - Epoch 74: train_loss=0.5248, train_rmse=0.7244, valid_rmse=1.2004, valid_pr=0.7596, gap=0.4760
2025-10-22 20:34:16 - INFO -    ⏳ 耐心计数器: 11/15
2025-10-22 20:35:41 - INFO - Epoch 75: train_loss=0.5222, train_rmse=0.7227, valid_rmse=1.1966, valid_pr=0.7592, gap=0.4740
2025-10-22 20:35:41 - INFO -    ⏳ 耐心计数器: 12/15
2025-10-22 20:37:01 - INFO - Epoch 76: train_loss=0.5226, train_rmse=0.7229, valid_rmse=1.1989, valid_pr=0.7583, gap=0.4760
2025-10-22 20:37:01 - INFO -    ⏳ 耐心计数器: 13/15
2025-10-22 20:38:26 - INFO - Epoch 77: train_loss=0.5151, train_rmse=0.7177, valid_rmse=1.1999, valid_pr=0.7594, gap=0.4822
2025-10-22 20:38:26 - INFO -    ⏳ 耐心计数器: 14/15
2025-10-22 20:39:52 - INFO - Epoch 78: train_loss=0.5133, train_rmse=0.7164, valid_rmse=1.1996, valid_pr=0.7596, gap=0.4831
2025-10-22 20:39:52 - INFO -    ⏳ 耐心计数器: 15/15
2025-10-22 20:39:52 - INFO - ⏹️  Early stopping at epoch 78
2025-10-22 20:39:52 - INFO - 
📊 加载最佳模型进行最终评估...
2025-10-22 20:39:57 - INFO - 
🎉 最终微调验证结果: RMSE=1.1861, Pearson=0.7635
2025-10-22 20:39:57 - INFO - 
📈 训练统计摘要:
2025-10-22 20:39:57 - INFO -    - 训练轮数: 79
2025-10-22 20:39:57 - INFO -    - 最佳验证 RMSE: 1.1861
2025-10-22 20:39:57 - INFO -    - 最终训练 RMSE: 0.7164
2025-10-22 20:39:57 - INFO -    - 最终验证 RMSE: 1.1996
2025-10-22 20:39:57 - INFO -    - 训练/验证差距: 0.4831
